cons1 bought Coffee(name='Brasil', price=7, acidity=5.09, roast_level='MEDIUM')
cons1 bought Coffee(name='Brasil', price=7, acidity=5.09, roast_level='MEDIUM')
cons1 bought Coffee(name='Brasil', price=7, acidity=5.09, roast_level='MEDIUM')
cons1 bought Coffee(name='Brasil', price=7, acidity=5.09, roast_level='MEDIUM')
cons1 bought Coffee(name='Brasil', price=7, acidity=5.09, roast_level='MEDIUM')
cons1 bought Coffee(name='Brasil', price=7, acidity=5.09, roast_level='MEDIUM')
cons1 bought Coffee(name='Brasil', price=7, acidity=5.09, roast_level='MEDIUM')
cons1 bought Coffee(name='Brasil', price=7, acidity=5.09, roast_level='MEDIUM')
cons1 bought Coffee(name='Brasil', price=7, acidity=5.09, roast_level='MEDIUM')
cons1 bought Coffee(name='Brasil', price=7, acidity=5.09, roast_level='MEDIUM')
cons1 bought Coffee(name='Brasil', price=7, acidity=5.09, roast_level='MEDIUM')
cons1 bought Coffee(name='Brasil', price=7, acidity=5.09, roast_level='MEDIUM')
cons1 bought Coffee(name='Indonezia', price=1, acidity=5.05, roast_level='MEDIUM')
cons1 bought Coffee(name='Indonezia', price=1, acidity=5.05, roast_level='MEDIUM')
cons1 bought Coffee(name='Indonezia', price=1, acidity=5.05, roast_level='MEDIUM')
cons1 bought Coffee(name='Indonezia', price=1, acidity=5.05, roast_level='MEDIUM')
cons1 bought Coffee(name='Indonezia', price=1, acidity=5.05, roast_level='MEDIUM')
cons1 bought Coffee(name='Indonezia', price=1, acidity=5.05, roast_level='MEDIUM')
cons1 bought Coffee(name='Indonezia', price=1, acidity=5.05, roast_level='MEDIUM')
cons1 bought Coffee(name='Indonezia', price=1, acidity=5.05, roast_level='MEDIUM')
cons1 bought Coffee(name='Indonezia', price=1, acidity=5.05, roast_level='MEDIUM')
cons1 bought Coffee(name='Indonezia', price=1, acidity=5.05, roast_level='MEDIUM')
cons1 bought Coffee(name='Indonezia', price=1, acidity=5.05, roast_level='MEDIUM')
cons1 bought Coffee(name='Indonezia', price=1, acidity=5.05, roast_level='MEDIUM')
cons1 bought Coffee(name='Indonezia', price=1, acidity=5.05, roast_level='MEDIUM')
cons1 bought Coffee(name='Indonezia', price=1, acidity=5.05, roast_level='MEDIUM')
cons1 bought Coffee(name='Indonezia', price=1, acidity=5.05, roast_level='MEDIUM')
cons1 bought Tea(name='Wild Cherry', price=5, type='Black')
cons1 bought Tea(name='Wild Cherry', price=5, type='Black')
cons1 bought Tea(name='Wild Cherry', price=5, type='Black')
cons1 bought Tea(name='Wild Cherry', price=5, type='Black')
cons1 bought Tea(name='Wild Cherry', price=5, type='Black')
cons1 bought Tea(name='Wild Cherry', price=5, type='Black')
cons1 bought Tea(name='Wild Cherry', price=5, type='Black')
cons1 bought Tea(name='Wild Cherry', price=5, type='Black')
cons1 bought Tea(name='Wild Cherry', price=5, type='Black')
cons1 bought Tea(name='Wild Cherry', price=5, type='Black')
cons1 bought Tea(name='Wild Cherry', price=5, type='Black')
cons1 bought Tea(name='Wild Cherry', price=5, type='Black')
cons1 bought Tea(name='Wild Cherry', price=5, type='Black')
cons1 bought Tea(name='Wild Cherry', price=5, type='Black')
cons1 bought Tea(name='Wild Cherry', price=5, type='Black')
cons1 bought Tea(name='Wild Cherry', price=5, type='Black')
cons1 bought Tea(name='Wild Cherry', price=5, type='Black')
cons1 bought Tea(name='Wild Cherry', price=5, type='Black')
cons1 bought Tea(name='Wild Cherry', price=5, type='Black')
cons1 bought Tea(name='Wild Cherry', price=5, type='Black')
cons1 bought Tea(name='Wild Cherry', price=5, type='Black')
cons1 bought Tea(name='Wild Cherry', price=5, type='Black')
