cons1 bought Coffee(name='Brasil', price=7, acidity=5.09, roast_level='MEDIUM')
cons1 bought Coffee(name='Indonezia', price=1, acidity=5.05, roast_level='MEDIUM')
cons1 bought Coffee(name='Indonezia', price=1, acidity=5.05, roast_level='MEDIUM')
cons1 bought Coffee(name='Indonezia', price=1, acidity=5.05, roast_level='MEDIUM')
cons1 bought Coffee(name='Indonezia', price=1, acidity=5.05, roast_level='MEDIUM')
cons1 bought Coffee(name='Indonezia', price=1, acidity=5.05, roast_level='MEDIUM')
cons1 bought Coffee(name='Indonezia', price=1, acidity=5.05, roast_level='MEDIUM')
cons1 bought Tea(name='Cactus fig', price=3, type='Green')
cons1 bought Tea(name='Cactus fig', price=3, type='Green')
cons1 bought Tea(name='Cactus fig', price=3, type='Green')
cons1 bought Tea(name='Cactus fig', price=3, type='Green')
cons1 bought Tea(name='Cactus fig', price=3, type='Green')
cons1 bought Tea(name='Cactus fig', price=3, type='Green')
cons1 bought Tea(name='Cactus fig', price=3, type='Green')
cons2 bought Coffee(name='Ethiopia', price=10, acidity=5.09, roast_level='MEDIUM')
cons2 bought Coffee(name='Ethiopia', price=10, acidity=5.09, roast_level='MEDIUM')
cons2 bought Coffee(name='Ethiopia', price=10, acidity=5.09, roast_level='MEDIUM')
cons2 bought Coffee(name='Ethiopia', price=10, acidity=5.09, roast_level='MEDIUM')
cons2 bought Coffee(name='Ethiopia', price=10, acidity=5.09, roast_level='MEDIUM')
cons2 bought Coffee(name='Ethiopia', price=10, acidity=5.09, roast_level='MEDIUM')
cons2 bought Coffee(name='Ethiopia', price=10, acidity=5.09, roast_level='MEDIUM')
cons2 bought Coffee(name='Ethiopia', price=10, acidity=5.09, roast_level='MEDIUM')
cons2 bought Coffee(name='Ethiopia', price=10, acidity=5.09, roast_level='MEDIUM')
cons2 bought Coffee(name='Ethiopia', price=10, acidity=5.09, roast_level='MEDIUM')
cons2 bought Coffee(name='Ethiopia', price=10, acidity=5.09, roast_level='MEDIUM')
cons2 bought Coffee(name='Indonezia', price=1, acidity=5.05, roast_level='MEDIUM')
cons2 bought Coffee(name='Indonezia', price=1, acidity=5.05, roast_level='MEDIUM')
cons2 bought Tea(name='Cactus fig', price=3, type='Green')
cons2 bought Tea(name='Cactus fig', price=3, type='Green')
cons4 bought Coffee(name='Brasil', price=7, acidity=5.09, roast_level='MEDIUM')
cons4 bought Coffee(name='Ethiopia', price=10, acidity=5.09, roast_level='MEDIUM')
cons4 bought Coffee(name='Ethiopia', price=10, acidity=5.09, roast_level='MEDIUM')
cons4 bought Coffee(name='Ethiopia', price=10, acidity=5.09, roast_level='MEDIUM')
cons4 bought Tea(name='Cactus fig', price=3, type='Green')
cons4 bought Tea(name='Cactus fig', price=3, type='Green')
cons4 bought Tea(name='Cactus fig', price=3, type='Green')
cons5 bought Coffee(name='Brasil', price=7, acidity=5.09, roast_level='MEDIUM')
cons5 bought Coffee(name='Brasil', price=7, acidity=5.09, roast_level='MEDIUM')
cons5 bought Coffee(name='Brasil', price=7, acidity=5.09, roast_level='MEDIUM')
cons5 bought Coffee(name='Brasil', price=7, acidity=5.09, roast_level='MEDIUM')
cons5 bought Coffee(name='Ethiopia', price=10, acidity=5.09, roast_level='MEDIUM')
cons5 bought Coffee(name='Ethiopia', price=10, acidity=5.09, roast_level='MEDIUM')
cons5 bought Coffee(name='Indonezia', price=1, acidity=5.05, roast_level='MEDIUM')
cons5 bought Coffee(name='Indonezia', price=1, acidity=5.05, roast_level='MEDIUM')
cons5 bought Tea(name='Cactus fig', price=3, type='Green')
cons5 bought Tea(name='Cactus fig', price=3, type='Green')
