cons1 bought Coffee(name='Brasil', price=7, acidity=5.09, roast_level='MEDIUM')
cons1 bought Coffee(name='Brasil', price=7, acidity=5.09, roast_level='MEDIUM')
cons1 bought Coffee(name='Ethiopia', price=10, acidity=5.09, roast_level='MEDIUM')
cons1 bought Coffee(name='Ethiopia', price=10, acidity=5.09, roast_level='MEDIUM')
cons1 bought Coffee(name='Ethiopia', price=10, acidity=5.09, roast_level='MEDIUM')
cons1 bought Coffee(name='Ethiopia', price=10, acidity=5.09, roast_level='MEDIUM')
cons1 bought Coffee(name='Ethiopia', price=10, acidity=5.09, roast_level='MEDIUM')
cons1 bought Coffee(name='Ethiopia', price=10, acidity=5.09, roast_level='MEDIUM')
cons1 bought Coffee(name='Ethiopia', price=10, acidity=5.09, roast_level='MEDIUM')
cons1 bought Coffee(name='Indonezia', price=1, acidity=5.05, roast_level='MEDIUM')
cons1 bought Coffee(name='Indonezia', price=1, acidity=5.05, roast_level='MEDIUM')
cons1 bought Tea(name='Cactus fig', price=3, type='Green')
cons1 bought Tea(name='Cactus fig', price=3, type='Green')
cons1 bought Tea(name='Cactus fig', price=3, type='Green')
cons1 bought Tea(name='Wild Cherry', price=4, type='Black')
cons1 bought Tea(name='Wild Cherry', price=4, type='Black')
cons1 bought Tea(name='Wild Cherry', price=4, type='Black')
cons1 bought Tea(name='Wild Cherry', price=4, type='Black')
cons1 bought Tea(name='Wild Cherry', price=4, type='Black')
cons1 bought Tea(name='Wild Cherry', price=4, type='Black')
cons1 bought Tea(name='Wild Cherry', price=4, type='Black')
cons1 bought Tea(name='Wild Cherry', price=4, type='Black')
cons10 bought Coffee(name='Brasil', price=7, acidity=5.09, roast_level='MEDIUM')
cons10 bought Coffee(name='Brasil', price=7, acidity=5.09, roast_level='MEDIUM')
cons10 bought Tea(name='Cactus fig', price=3, type='Green')
cons10 bought Tea(name='Cactus fig', price=3, type='Green')
cons10 bought Tea(name='Cactus fig', price=3, type='Green')
cons10 bought Tea(name='Cactus fig', price=3, type='Green')
cons2 bought Coffee(name='Ethiopia', price=10, acidity=5.09, roast_level='MEDIUM')
cons2 bought Coffee(name='Ethiopia', price=10, acidity=5.09, roast_level='MEDIUM')
cons2 bought Coffee(name='Ethiopia', price=10, acidity=5.09, roast_level='MEDIUM')
cons2 bought Coffee(name='Ethiopia', price=10, acidity=5.09, roast_level='MEDIUM')
cons2 bought Coffee(name='Ethiopia', price=10, acidity=5.09, roast_level='MEDIUM')
cons2 bought Coffee(name='Ethiopia', price=10, acidity=5.09, roast_level='MEDIUM')
cons2 bought Coffee(name='Indonezia', price=1, acidity=5.05, roast_level='MEDIUM')
cons2 bought Coffee(name='Indonezia', price=1, acidity=5.05, roast_level='MEDIUM')
cons2 bought Coffee(name='Indonezia', price=1, acidity=5.05, roast_level='MEDIUM')
cons2 bought Coffee(name='Indonezia', price=1, acidity=5.05, roast_level='MEDIUM')
cons2 bought Coffee(name='Indonezia', price=1, acidity=5.05, roast_level='MEDIUM')
cons2 bought Coffee(name='Indonezia', price=1, acidity=5.05, roast_level='MEDIUM')
cons2 bought Tea(name='Cactus fig', price=3, type='Green')
cons2 bought Tea(name='Cactus fig', price=3, type='Green')
cons2 bought Tea(name='Cactus fig', price=3, type='Green')
cons2 bought Tea(name='Cactus fig', price=3, type='Green')
cons2 bought Tea(name='Wild Cherry', price=4, type='Black')
cons2 bought Tea(name='Wild Cherry', price=4, type='Black')
cons2 bought Tea(name='Wild Cherry', price=4, type='Black')
cons2 bought Tea(name='Wild Cherry', price=4, type='Black')
cons2 bought Tea(name='Wild Cherry', price=4, type='Black')
cons2 bought Tea(name='Wild Cherry', price=4, type='Black')
cons2 bought Tea(name='Wild Cherry', price=4, type='Black')
cons2 bought Tea(name='Wild Cherry', price=4, type='Black')
cons2 bought Tea(name='Wild Cherry', price=4, type='Black')
cons2 bought Tea(name='Wild Cherry', price=4, type='Black')
cons2 bought Tea(name='Wild Cherry', price=4, type='Black')
cons3 bought Coffee(name='Ethiopia', price=10, acidity=5.09, roast_level='MEDIUM')
cons3 bought Coffee(name='Indonezia', price=1, acidity=5.05, roast_level='MEDIUM')
cons3 bought Coffee(name='Indonezia', price=1, acidity=5.05, roast_level='MEDIUM')
cons3 bought Coffee(name='Indonezia', price=1, acidity=5.05, roast_level='MEDIUM')
cons3 bought Coffee(name='Indonezia', price=1, acidity=5.05, roast_level='MEDIUM')
cons3 bought Coffee(name='Indonezia', price=1, acidity=5.05, roast_level='MEDIUM')
cons3 bought Tea(name='Cactus fig', price=3, type='Green')
cons3 bought Tea(name='Wild Cherry', price=4, type='Black')
cons3 bought Tea(name='Wild Cherry', price=4, type='Black')
cons3 bought Tea(name='Wild Cherry', price=4, type='Black')
cons4 bought Coffee(name='Brasil', price=7, acidity=5.09, roast_level='MEDIUM')
cons4 bought Coffee(name='Brasil', price=7, acidity=5.09, roast_level='MEDIUM')
cons4 bought Coffee(name='Brasil', price=7, acidity=5.09, roast_level='MEDIUM')
cons4 bought Coffee(name='Brasil', price=7, acidity=5.09, roast_level='MEDIUM')
cons4 bought Coffee(name='Brasil', price=7, acidity=5.09, roast_level='MEDIUM')
cons4 bought Coffee(name='Brasil', price=7, acidity=5.09, roast_level='MEDIUM')
cons4 bought Coffee(name='Brasil', price=7, acidity=5.09, roast_level='MEDIUM')
cons4 bought Coffee(name='Brasil', price=7, acidity=5.09, roast_level='MEDIUM')
cons4 bought Coffee(name='Brasil', price=7, acidity=5.09, roast_level='MEDIUM')
cons4 bought Coffee(name='Brasil', price=7, acidity=5.09, roast_level='MEDIUM')
cons4 bought Coffee(name='Brasil', price=7, acidity=5.09, roast_level='MEDIUM')
cons4 bought Coffee(name='Brasil', price=7, acidity=5.09, roast_level='MEDIUM')
cons4 bought Coffee(name='Brasil', price=7, acidity=5.09, roast_level='MEDIUM')
cons4 bought Coffee(name='Brasil', price=7, acidity=5.09, roast_level='MEDIUM')
cons4 bought Coffee(name='Indonezia', price=1, acidity=5.05, roast_level='MEDIUM')
cons4 bought Coffee(name='Indonezia', price=1, acidity=5.05, roast_level='MEDIUM')
cons4 bought Coffee(name='Indonezia', price=1, acidity=5.05, roast_level='MEDIUM')
cons4 bought Coffee(name='Indonezia', price=1, acidity=5.05, roast_level='MEDIUM')
cons4 bought Coffee(name='Indonezia', price=1, acidity=5.05, roast_level='MEDIUM')
cons4 bought Coffee(name='Indonezia', price=1, acidity=5.05, roast_level='MEDIUM')
cons4 bought Coffee(name='Indonezia', price=1, acidity=5.05, roast_level='MEDIUM')
cons4 bought Tea(name='Cactus fig', price=3, type='Green')
cons4 bought Tea(name='Cactus fig', price=3, type='Green')
cons4 bought Tea(name='Cactus fig', price=3, type='Green')
cons4 bought Tea(name='Cactus fig', price=3, type='Green')
cons4 bought Tea(name='Cactus fig', price=3, type='Green')
cons4 bought Tea(name='Cactus fig', price=3, type='Green')
cons4 bought Tea(name='Cactus fig', price=3, type='Green')
cons4 bought Tea(name='Cactus fig', price=3, type='Green')
cons4 bought Tea(name='Wild Cherry', price=4, type='Black')
cons4 bought Tea(name='Wild Cherry', price=4, type='Black')
cons4 bought Tea(name='Wild Cherry', price=4, type='Black')
cons5 bought Coffee(name='Ethiopia', price=10, acidity=5.09, roast_level='MEDIUM')
cons5 bought Coffee(name='Ethiopia', price=10, acidity=5.09, roast_level='MEDIUM')
cons5 bought Coffee(name='Ethiopia', price=10, acidity=5.09, roast_level='MEDIUM')
cons5 bought Coffee(name='Ethiopia', price=10, acidity=5.09, roast_level='MEDIUM')
cons5 bought Coffee(name='Ethiopia', price=10, acidity=5.09, roast_level='MEDIUM')
cons5 bought Coffee(name='Ethiopia', price=10, acidity=5.09, roast_level='MEDIUM')
cons5 bought Coffee(name='Ethiopia', price=10, acidity=5.09, roast_level='MEDIUM')
cons5 bought Coffee(name='Ethiopia', price=10, acidity=5.09, roast_level='MEDIUM')
cons5 bought Coffee(name='Ethiopia', price=10, acidity=5.09, roast_level='MEDIUM')
cons5 bought Coffee(name='Ethiopia', price=10, acidity=5.09, roast_level='MEDIUM')
cons5 bought Coffee(name='Ethiopia', price=10, acidity=5.09, roast_level='MEDIUM')
cons5 bought Coffee(name='Ethiopia', price=10, acidity=5.09, roast_level='MEDIUM')
cons5 bought Coffee(name='Ethiopia', price=10, acidity=5.09, roast_level='MEDIUM')
cons5 bought Coffee(name='Ethiopia', price=10, acidity=5.09, roast_level='MEDIUM')
cons5 bought Coffee(name='Ethiopia', price=10, acidity=5.09, roast_level='MEDIUM')
cons5 bought Coffee(name='Indonezia', price=1, acidity=5.05, roast_level='MEDIUM')
cons5 bought Coffee(name='Indonezia', price=1, acidity=5.05, roast_level='MEDIUM')
cons5 bought Coffee(name='Indonezia', price=1, acidity=5.05, roast_level='MEDIUM')
cons5 bought Coffee(name='Indonezia', price=1, acidity=5.05, roast_level='MEDIUM')
cons5 bought Coffee(name='Indonezia', price=1, acidity=5.05, roast_level='MEDIUM')
cons5 bought Coffee(name='Indonezia', price=1, acidity=5.05, roast_level='MEDIUM')
cons5 bought Coffee(name='Indonezia', price=1, acidity=5.05, roast_level='MEDIUM')
cons5 bought Tea(name='Cactus fig', price=3, type='Green')
cons5 bought Tea(name='Cactus fig', price=3, type='Green')
cons5 bought Tea(name='Cactus fig', price=3, type='Green')
cons5 bought Tea(name='Cactus fig', price=3, type='Green')
cons5 bought Tea(name='Cactus fig', price=3, type='Green')
cons5 bought Tea(name='Wild Cherry', price=4, type='Black')
cons5 bought Tea(name='Wild Cherry', price=4, type='Black')
cons6 bought Coffee(name='Brasil', price=7, acidity=5.09, roast_level='MEDIUM')
cons6 bought Coffee(name='Brasil', price=7, acidity=5.09, roast_level='MEDIUM')
cons6 bought Coffee(name='Brasil', price=7, acidity=5.09, roast_level='MEDIUM')
cons6 bought Coffee(name='Indonezia', price=1, acidity=5.05, roast_level='MEDIUM')
cons6 bought Tea(name='Wild Cherry', price=4, type='Black')
cons7 bought Coffee(name='Ethiopia', price=10, acidity=5.09, roast_level='MEDIUM')
cons7 bought Coffee(name='Indonezia', price=1, acidity=5.05, roast_level='MEDIUM')
cons7 bought Coffee(name='Indonezia', price=1, acidity=5.05, roast_level='MEDIUM')
cons7 bought Coffee(name='Indonezia', price=1, acidity=5.05, roast_level='MEDIUM')
cons7 bought Coffee(name='Indonezia', price=1, acidity=5.05, roast_level='MEDIUM')
cons7 bought Coffee(name='Indonezia', price=1, acidity=5.05, roast_level='MEDIUM')
cons7 bought Coffee(name='Indonezia', price=1, acidity=5.05, roast_level='MEDIUM')
cons7 bought Coffee(name='Indonezia', price=1, acidity=5.05, roast_level='MEDIUM')
cons7 bought Coffee(name='Indonezia', price=1, acidity=5.05, roast_level='MEDIUM')
cons7 bought Coffee(name='Indonezia', price=1, acidity=5.05, roast_level='MEDIUM')
cons7 bought Coffee(name='Indonezia', price=1, acidity=5.05, roast_level='MEDIUM')
cons7 bought Coffee(name='Indonezia', price=1, acidity=5.05, roast_level='MEDIUM')
cons7 bought Tea(name='Cactus fig', price=3, type='Green')
cons7 bought Tea(name='Wild Cherry', price=4, type='Black')
cons7 bought Tea(name='Wild Cherry', price=4, type='Black')
cons7 bought Tea(name='Wild Cherry', price=4, type='Black')
cons7 bought Tea(name='Wild Cherry', price=4, type='Black')
cons7 bought Tea(name='Wild Cherry', price=4, type='Black')
cons7 bought Tea(name='Wild Cherry', price=4, type='Black')
cons7 bought Tea(name='Wild Cherry', price=4, type='Black')
cons8 bought Coffee(name='Brasil', price=7, acidity=5.09, roast_level='MEDIUM')
cons8 bought Coffee(name='Brasil', price=7, acidity=5.09, roast_level='MEDIUM')
cons8 bought Coffee(name='Brasil', price=7, acidity=5.09, roast_level='MEDIUM')
cons8 bought Coffee(name='Ethiopia', price=10, acidity=5.09, roast_level='MEDIUM')
cons8 bought Coffee(name='Ethiopia', price=10, acidity=5.09, roast_level='MEDIUM')
cons8 bought Coffee(name='Ethiopia', price=10, acidity=5.09, roast_level='MEDIUM')
cons8 bought Coffee(name='Indonezia', price=1, acidity=5.05, roast_level='MEDIUM')
cons8 bought Coffee(name='Indonezia', price=1, acidity=5.05, roast_level='MEDIUM')
cons8 bought Tea(name='Cactus fig', price=3, type='Green')
cons8 bought Tea(name='Cactus fig', price=3, type='Green')
cons8 bought Tea(name='Cactus fig', price=3, type='Green')
cons8 bought Tea(name='Cactus fig', price=3, type='Green')
cons8 bought Tea(name='Wild Cherry', price=4, type='Black')
cons8 bought Tea(name='Wild Cherry', price=4, type='Black')
cons8 bought Tea(name='Wild Cherry', price=4, type='Black')
cons8 bought Tea(name='Wild Cherry', price=4, type='Black')
cons8 bought Tea(name='Wild Cherry', price=4, type='Black')
cons9 bought Coffee(name='Ethiopia', price=10, acidity=5.09, roast_level='MEDIUM')
cons9 bought Coffee(name='Ethiopia', price=10, acidity=5.09, roast_level='MEDIUM')
cons9 bought Coffee(name='Ethiopia', price=10, acidity=5.09, roast_level='MEDIUM')
cons9 bought Coffee(name='Indonezia', price=1, acidity=5.05, roast_level='MEDIUM')
cons9 bought Coffee(name='Indonezia', price=1, acidity=5.05, roast_level='MEDIUM')
cons9 bought Coffee(name='Indonezia', price=1, acidity=5.05, roast_level='MEDIUM')
cons9 bought Coffee(name='Indonezia', price=1, acidity=5.05, roast_level='MEDIUM')
cons9 bought Coffee(name='Indonezia', price=1, acidity=5.05, roast_level='MEDIUM')
cons9 bought Tea(name='Cactus fig', price=3, type='Green')
cons9 bought Tea(name='Cactus fig', price=3, type='Green')
cons9 bought Tea(name='Cactus fig', price=3, type='Green')
cons9 bought Tea(name='Wild Cherry', price=4, type='Black')
cons9 bought Tea(name='Wild Cherry', price=4, type='Black')
cons9 bought Tea(name='Wild Cherry', price=4, type='Black')
