cons1 bought Coffee(name='Indonezia', price=1, acidity=5.05, roast_level='MEDIUM')
cons1 bought Coffee(name='Indonezia', price=1, acidity=5.05, roast_level='MEDIUM')
cons1 bought Coffee(name='Indonezia', price=1, acidity=5.05, roast_level='MEDIUM')
cons1 bought Coffee(name='Indonezia', price=1, acidity=5.05, roast_level='MEDIUM')
cons2 bought Coffee(name='Indonezia', price=1, acidity=5.05, roast_level='MEDIUM')
cons2 bought Tea(name='Linden', price=9, type='Herbal')
cons2 bought Tea(name='Linden', price=9, type='Herbal')
cons2 bought Tea(name='Linden', price=9, type='Herbal')
cons3 bought Coffee(name='Indonezia', price=1, acidity=5.05, roast_level='MEDIUM')
cons3 bought Coffee(name='Indonezia', price=1, acidity=5.05, roast_level='MEDIUM')
cons3 bought Coffee(name='Indonezia', price=1, acidity=5.05, roast_level='MEDIUM')
cons3 bought Coffee(name='Indonezia', price=1, acidity=5.05, roast_level='MEDIUM')
cons3 bought Coffee(name='Indonezia', price=1, acidity=5.05, roast_level='MEDIUM')
cons3 bought Coffee(name='Indonezia', price=1, acidity=5.05, roast_level='MEDIUM')
cons3 bought Coffee(name='Indonezia', price=1, acidity=5.05, roast_level='MEDIUM')
cons3 bought Tea(name='Linden', price=9, type='Herbal')
cons3 bought Tea(name='Linden', price=9, type='Herbal')
cons3 bought Tea(name='Linden', price=9, type='Herbal')
cons3 bought Tea(name='Linden', price=9, type='Herbal')
cons3 bought Tea(name='Linden', price=9, type='Herbal')
cons3 bought Tea(name='Linden', price=9, type='Herbal')
cons3 bought Tea(name='Linden', price=9, type='Herbal')
cons4 bought Coffee(name='Indonezia', price=1, acidity=5.05, roast_level='MEDIUM')
cons5 bought Coffee(name='Indonezia', price=1, acidity=5.05, roast_level='MEDIUM')
cons5 bought Coffee(name='Indonezia', price=1, acidity=5.05, roast_level='MEDIUM')
cons5 bought Coffee(name='Indonezia', price=1, acidity=5.05, roast_level='MEDIUM')
cons5 bought Coffee(name='Indonezia', price=1, acidity=5.05, roast_level='MEDIUM')
cons5 bought Tea(name='Linden', price=9, type='Herbal')
cons5 bought Tea(name='Linden', price=9, type='Herbal')
cons5 bought Tea(name='Linden', price=9, type='Herbal')
cons5 bought Tea(name='Linden', price=9, type='Herbal')
cons5 bought Tea(name='Linden', price=9, type='Herbal')
cons5 bought Tea(name='Linden', price=9, type='Herbal')
cons5 bought Tea(name='Linden', price=9, type='Herbal')
